// Vitest Snapshot v1, https://vitest.dev/guide/snapshot.html

exports[`parsePriceDetail — 真實資料 characterization > 全部真實資料的顯示輸出維持不變 1`] = `
[
  {
    "不包含項目": "《無特殊說明》",
    "不包含項目是否顯示": false,
    "加床": "$ 8000 元/人",
    "包含項目": "含機場稅燃油附加費",
    "包含項目是否顯示": true,
    "單人房差": "洽詢",
    "大人": "$ 103800 元/人",
    "嬰兒": "$ 103800 元/人",
    "小孩不佔床": "$ 103800 元/人",
    "小孩佔床": "$ 103800 元/人",
  },
  {
    "不包含項目": "《無特殊說明》",
    "不包含項目是否顯示": false,
    "加床": "洽詢",
    "包含項目": "含機場稅燃油附加費",
    "包含項目是否顯示": true,
    "單人房差": "洽詢",
    "大人": "$ 119000 元/人",
    "嬰兒": "洽詢",
    "小孩不佔床": "洽詢",
    "小孩佔床": "$ 119000 元/人",
  },
  {
    "不包含項目": "《無特殊說明》",
    "不包含項目是否顯示": false,
    "加床": "洽詢",
    "包含項目": "含機場稅燃油附加費",
    "包含項目是否顯示": true,
    "單人房差": "洽詢",
    "大人": "$ 12988 元/人",
    "嬰兒": "$ 800 元/人",
    "小孩不佔床": "$ 10588 元/人",
    "小孩佔床": "$ 12988 元/人",
  },
  {
    "不包含項目": "《無特殊說明》",
    "不包含項目是否顯示": false,
    "加床": "$ 13500 元/人",
    "包含項目": "含機場稅燃油附加費",
    "包含項目是否顯示": true,
    "單人房差": "洽詢",
    "大人": "$ 13500 元/人",
    "嬰兒": "$ 2000 元/人",
    "小孩不佔床": "$ 11500 元/人",
    "小孩佔床": "$ 13500 元/人",
  },
  {
    "不包含項目": "《無特殊說明》",
    "不包含項目是否顯示": false,
    "加床": "$ 149000 元/人",
    "包含項目": "含機場稅燃油附加費",
    "包含項目是否顯示": true,
    "單人房差": "洽詢",
    "大人": "$ 149000 元/人",
    "嬰兒": "洽詢",
    "小孩不佔床": "$ 149000 元/人",
    "小孩佔床": "$ 149000 元/人",
  },
  {
    "不包含項目": "《無特殊說明》",
    "不包含項目是否顯示": false,
    "加床": "洽詢",
    "包含項目": "含機場稅燃油附加費",
    "包含項目是否顯示": true,
    "單人房差": "洽詢",
    "大人": "$ 159000 元/人",
    "嬰兒": "洽詢",
    "小孩不佔床": "洽詢",
    "小孩佔床": "$ 159000 元/人",
  },
  {
    "不包含項目": "《無特殊說明》",
    "不包含項目是否顯示": false,
    "加床": "洽詢",
    "包含項目": "含機場稅燃油附加費",
    "包含項目是否顯示": true,
    "單人房差": "洽詢",
    "大人": "$ 159000 元/人",
    "嬰兒": "$ 25000 元/人",
    "小孩不佔床": "$ 129000 元/人",
    "小孩佔床": "$ 159000 元/人",
  },
  {
    "不包含項目": "《無特殊說明》",
    "不包含項目是否顯示": false,
    "加床": "$ 14900 元/人",
    "包含項目": "含機場稅燃油附加費",
    "包含項目是否顯示": true,
    "單人房差": "洽詢",
    "大人": "$ 16900 元/人",
    "嬰兒": "$ 5000 元/人",
    "小孩不佔床": "$ 15900 元/人",
    "小孩佔床": "$ 16900 元/人",
  },
  {
    "不包含項目": "《無特殊說明》",
    "不包含項目是否顯示": false,
    "加床": "$ 16900 元/人",
    "包含項目": "含機場稅燃油附加費",
    "包含項目是否顯示": true,
    "單人房差": "洽詢",
    "大人": "$ 16900 元/人",
    "嬰兒": "洽詢",
    "小孩不佔床": "$ 16900 元/人",
    "小孩佔床": "$ 16900 元/人",
  },
  {
    "不包含項目": "《無特殊說明》",
    "不包含項目是否顯示": false,
    "加床": "$ 17900 元/人",
    "包含項目": "含機場稅燃油附加費",
    "包含項目是否顯示": true,
    "單人房差": "洽詢",
    "大人": "$ 17900 元/人",
    "嬰兒": "$ 5000 元/人",
    "小孩不佔床": "$ 15900 元/人",
    "小孩佔床": "$ 17900 元/人",
  },
  {
    "不包含項目": "《無特殊說明》",
    "不包含項目是否顯示": false,
    "加床": "$ 5000 元/人",
    "包含項目": "含機場稅燃油附加費",
    "包含項目是否顯示": true,
    "單人房差": "洽詢",
    "大人": "$ 17900 元/人",
    "嬰兒": "$ 17900 元/人",
    "小孩不佔床": "$ 16900 元/人",
    "小孩佔床": "$ 17900 元/人",
  },
  {
    "不包含項目": "《無特殊說明》",
    "不包含項目是否顯示": false,
    "加床": "$ 185000 元/人",
    "包含項目": "含機場稅燃油附加費",
    "包含項目是否顯示": true,
    "單人房差": "洽詢",
    "大人": "$ 185000 元/人",
    "嬰兒": "$ 30000 元/人",
    "小孩不佔床": "$ 180000 元/人",
    "小孩佔床": "$ 185000 元/人",
  },
  {
    "不包含項目": "《無特殊說明》",
    "不包含項目是否顯示": false,
    "加床": "$ 18800 元/人",
    "包含項目": "含機場稅燃油附加費",
    "包含項目是否顯示": true,
    "單人房差": "洽詢",
    "大人": "$ 18800 元/人",
    "嬰兒": "洽詢",
    "小孩不佔床": "$ 18800 元/人",
    "小孩佔床": "$ 18800 元/人",
  },
  {
    "不包含項目": "《無特殊說明》",
    "不包含項目是否顯示": false,
    "加床": "$ 19900 元/人",
    "包含項目": "含機場稅燃油附加費",
    "包含項目是否顯示": true,
    "單人房差": "洽詢",
    "大人": "$ 19900 元/人",
    "嬰兒": "$ 5000 元/人",
    "小孩不佔床": "$ 18400 元/人",
    "小孩佔床": "$ 19900 元/人",
  },
  {
    "不包含項目": "《無特殊說明》",
    "不包含項目是否顯示": false,
    "加床": "$ 19900 元/人",
    "包含項目": "含機場稅燃油附加費",
    "包含項目是否顯示": true,
    "單人房差": "洽詢",
    "大人": "$ 19900 元/人",
    "嬰兒": "$ 5000 元/人",
    "小孩不佔床": "$ 18900 元/人",
    "小孩佔床": "$ 19900 元/人",
  },
  {
    "不包含項目": "《無特殊說明》",
    "不包含項目是否顯示": false,
    "加床": "$ 19900 元/人",
    "包含項目": "含機場稅燃油附加費",
    "包含項目是否顯示": true,
    "單人房差": "洽詢",
    "大人": "$ 19900 元/人",
    "嬰兒": "洽詢",
    "小孩不佔床": "$ 19900 元/人",
    "小孩佔床": "$ 19900 元/人",
  },
  {
    "不包含項目": "《無特殊說明》",
    "不包含項目是否顯示": false,
    "加床": "$ 21000 元/人",
    "包含項目": "含機場稅燃油附加費",
    "包含項目是否顯示": true,
    "單人房差": "洽詢",
    "大人": "$ 21000 元/人",
    "嬰兒": "$ 5000 元/人",
    "小孩不佔床": "$ 20000 元/人",
    "小孩佔床": "$ 21000 元/人",
  },
  {
    "不包含項目": "《無特殊說明》",
    "不包含項目是否顯示": false,
    "加床": "$ 21500 元/人",
    "包含項目": "含機場稅燃油附加費",
    "包含項目是否顯示": true,
    "單人房差": "洽詢",
    "大人": "$ 21500 元/人",
    "嬰兒": "$ 5000 元/人",
    "小孩不佔床": "$ 20000 元/人",
    "小孩佔床": "$ 21500 元/人",
  },
  {
    "不包含項目": "《無特殊說明》",
    "不包含項目是否顯示": false,
    "加床": "$ 22900 元/人",
    "包含項目": "含機場稅燃油附加費",
    "包含項目是否顯示": true,
    "單人房差": "洽詢",
    "大人": "$ 22900 元/人",
    "嬰兒": "$ 5000 元/人",
    "小孩不佔床": "$ 20900 元/人",
    "小孩佔床": "$ 22900 元/人",
  },
  {
    "不包含項目": "《無特殊說明》",
    "不包含項目是否顯示": false,
    "加床": "洽詢",
    "包含項目": "含機場稅燃油附加費",
    "包含項目是否顯示": true,
    "單人房差": "洽詢",
    "大人": "$ 229000 元/人",
    "嬰兒": "洽詢",
    "小孩不佔床": "洽詢",
    "小孩佔床": "$ 229000 元/人",
  },
  {
    "不包含項目": "《無特殊說明》",
    "不包含項目是否顯示": false,
    "加床": "洽詢",
    "包含項目": "含機場稅燃油附加費",
    "包含項目是否顯示": true,
    "單人房差": "洽詢",
    "大人": "$ 229000 元/人",
    "嬰兒": "洽詢",
    "小孩不佔床": "洽詢",
    "小孩佔床": "$ 229000 元/人",
  },
  {
    "不包含項目": "《無特殊說明》",
    "不包含項目是否顯示": false,
    "加床": "$ 23000 元/人",
    "包含項目": "含機場稅燃油附加費",
    "包含項目是否顯示": true,
    "單人房差": "洽詢",
    "大人": "$ 23000 元/人",
    "嬰兒": "$ 5000 元/人",
    "小孩不佔床": "$ 21000 元/人",
    "小孩佔床": "$ 23000 元/人",
  },
  {
    "不包含項目": "《無特殊說明》",
    "不包含項目是否顯示": false,
    "加床": "$ 23000 元/人",
    "包含項目": "含機場稅燃油附加費",
    "包含項目是否顯示": true,
    "單人房差": "洽詢",
    "大人": "$ 23000 元/人",
    "嬰兒": "$ 5000 元/人",
    "小孩不佔床": "$ 21500 元/人",
    "小孩佔床": "$ 23000 元/人",
  },
  {
    "不包含項目": "《無特殊說明》",
    "不包含項目是否顯示": false,
    "加床": "$ 24000 元/人",
    "包含項目": "含機場稅燃油附加費",
    "包含項目是否顯示": true,
    "單人房差": "洽詢",
    "大人": "$ 24000 元/人",
    "嬰兒": "$ 5000 元/人",
    "小孩不佔床": "$ 22000 元/人",
    "小孩佔床": "$ 24000 元/人",
  },
  {
    "不包含項目": "《無特殊說明》",
    "不包含項目是否顯示": false,
    "加床": "$ 24000 元/人",
    "包含項目": "含機場稅燃油附加費",
    "包含項目是否顯示": true,
    "單人房差": "洽詢",
    "大人": "$ 24000 元/人",
    "嬰兒": "$ 5000 元/人",
    "小孩不佔床": "$ 23000 元/人",
    "小孩佔床": "$ 24000 元/人",
  },
  {
    "不包含項目": "《無特殊說明》",
    "不包含項目是否顯示": false,
    "加床": "$ 24900 元/人",
    "包含項目": "含機場稅燃油附加費",
    "包含項目是否顯示": true,
    "單人房差": "洽詢",
    "大人": "$ 24900 元/人",
    "嬰兒": "$ 5000 元/人",
    "小孩不佔床": "$ 22900 元/人",
    "小孩佔床": "$ 24900 元/人",
  },
  {
    "不包含項目": "《無特殊說明》",
    "不包含項目是否顯示": false,
    "加床": "$ 25900 元/人",
    "包含項目": "含機場稅燃油附加費",
    "包含項目是否顯示": true,
    "單人房差": "洽詢",
    "大人": "$ 25900 元/人",
    "嬰兒": "$ 5000 元/人",
    "小孩不佔床": "$ 21900 元/人",
    "小孩佔床": "$ 25900 元/人",
  },
  {
    "不包含項目": "《無特殊說明》",
    "不包含項目是否顯示": false,
    "加床": "$ 25900 元/人",
    "包含項目": "含機場稅燃油附加費",
    "包含項目是否顯示": true,
    "單人房差": "洽詢",
    "大人": "$ 25900 元/人",
    "嬰兒": "$ 5000 元/人",
    "小孩不佔床": "$ 22900 元/人",
    "小孩佔床": "$ 25900 元/人",
  },
  {
    "不包含項目": "《無特殊說明》",
    "不包含項目是否顯示": false,
    "加床": "$ 25900 元/人",
    "包含項目": "含機場稅燃油附加費",
    "包含項目是否顯示": true,
    "單人房差": "洽詢",
    "大人": "$ 25900 元/人",
    "嬰兒": "$ 5000 元/人",
    "小孩不佔床": "$ 23900 元/人",
    "小孩佔床": "$ 25900 元/人",
  },
  {
    "不包含項目": "《無特殊說明》",
    "不包含項目是否顯示": false,
    "加床": "$ 26500 元/人",
    "包含項目": "含機場稅燃油附加費",
    "包含項目是否顯示": true,
    "單人房差": "洽詢",
    "大人": "$ 26500 元/人",
    "嬰兒": "$ 5000 元/人",
    "小孩不佔床": "$ 25500 元/人",
    "小孩佔床": "$ 26500 元/人",
  },
  {
    "不包含項目": "《無特殊說明》",
    "不包含項目是否顯示": false,
    "加床": "$ 26900 元/人",
    "包含項目": "含機場稅燃油附加費",
    "包含項目是否顯示": true,
    "單人房差": "洽詢",
    "大人": "$ 26900 元/人",
    "嬰兒": "$ 5000 元/人",
    "小孩不佔床": "$ 22900 元/人",
    "小孩佔床": "$ 26900 元/人",
  },
  {
    "不包含項目": "《無特殊說明》",
    "不包含項目是否顯示": false,
    "加床": "$ 26900 元/人",
    "包含項目": "含機場稅燃油附加費",
    "包含項目是否顯示": true,
    "單人房差": "洽詢",
    "大人": "$ 26900 元/人",
    "嬰兒": "$ 5000 元/人",
    "小孩不佔床": "$ 24900 元/人",
    "小孩佔床": "$ 26900 元/人",
  },
  {
    "不包含項目": "《無特殊說明》",
    "不包含項目是否顯示": false,
    "加床": "$ 27900 元/人",
    "包含項目": "含機場稅燃油附加費",
    "包含項目是否顯示": true,
    "單人房差": "洽詢",
    "大人": "$ 27900 元/人",
    "嬰兒": "$ 5000 元/人",
    "小孩不佔床": "$ 24900 元/人",
    "小孩佔床": "$ 27900 元/人",
  },
  {
    "不包含項目": "《無特殊說明》",
    "不包含項目是否顯示": false,
    "加床": "$ 28900 元/人",
    "包含項目": "含機場稅燃油附加費",
    "包含項目是否顯示": true,
    "單人房差": "洽詢",
    "大人": "$ 28900 元/人",
    "嬰兒": "$ 5000 元/人",
    "小孩不佔床": "$ 26900 元/人",
    "小孩佔床": "$ 28900 元/人",
  },
  {
    "不包含項目": "《無特殊說明》",
    "不包含項目是否顯示": false,
    "加床": "洽詢",
    "包含項目": "含機場稅燃油附加費",
    "包含項目是否顯示": true,
    "單人房差": "洽詢",
    "大人": "$ 29900 元/人",
    "嬰兒": "洽詢",
    "小孩不佔床": "洽詢",
    "小孩佔床": "$ 29900 元/人",
  },
  {
    "不包含項目": "《無特殊說明》",
    "不包含項目是否顯示": false,
    "加床": "$ 29900 元/人",
    "包含項目": "含機場稅燃油附加費",
    "包含項目是否顯示": true,
    "單人房差": "洽詢",
    "大人": "$ 29900 元/人",
    "嬰兒": "$ 5000 元/人",
    "小孩不佔床": "$ 25900 元/人",
    "小孩佔床": "$ 29900 元/人",
  },
  {
    "不包含項目": "《無特殊說明》",
    "不包含項目是否顯示": false,
    "加床": "$ 10000 元/人",
    "包含項目": "含機場稅燃油附加費",
    "包含項目是否顯示": true,
    "單人房差": "洽詢",
    "大人": "$ 29900 元/人",
    "嬰兒": "$ 29900 元/人",
    "小孩不佔床": "$ 27900 元/人",
    "小孩佔床": "$ 29900 元/人",
  },
  {
    "不包含項目": "《無特殊說明》",
    "不包含項目是否顯示": false,
    "加床": "$ 29900 元/人",
    "包含項目": "含機場稅燃油附加費",
    "包含項目是否顯示": true,
    "單人房差": "洽詢",
    "大人": "$ 29900 元/人",
    "嬰兒": "洽詢",
    "小孩不佔床": "$ 29900 元/人",
    "小孩佔床": "$ 29900 元/人",
  },
  {
    "不包含項目": "《無特殊說明》",
    "不包含項目是否顯示": false,
    "加床": "$ 30900 元/人",
    "包含項目": "含機場稅燃油附加費",
    "包含項目是否顯示": true,
    "單人房差": "洽詢",
    "大人": "$ 30900 元/人",
    "嬰兒": "$ 5000 元/人",
    "小孩不佔床": "$ 27900 元/人",
    "小孩佔床": "$ 30900 元/人",
  },
  {
    "不包含項目": "《無特殊說明》",
    "不包含項目是否顯示": false,
    "加床": "$ 31500 元/人",
    "包含項目": "含機場稅燃油附加費",
    "包含項目是否顯示": true,
    "單人房差": "洽詢",
    "大人": "$ 31500 元/人",
    "嬰兒": "$ 5000 元/人",
    "小孩不佔床": "$ 27500 元/人",
    "小孩佔床": "$ 31500 元/人",
  },
  {
    "不包含項目": "《無特殊說明》",
    "不包含項目是否顯示": false,
    "加床": "$ 10000 元/人",
    "包含項目": "含機場稅燃油附加費",
    "包含項目是否顯示": true,
    "單人房差": "洽詢",
    "大人": "$ 31900 元/人",
    "嬰兒": "$ 31900 元/人",
    "小孩不佔床": "$ 29900 元/人",
    "小孩佔床": "$ 31900 元/人",
  },
  {
    "不包含項目": "《無特殊說明》",
    "不包含項目是否顯示": false,
    "加床": "$ 33900 元/人",
    "包含項目": "含機場稅燃油附加費",
    "包含項目是否顯示": true,
    "單人房差": "洽詢",
    "大人": "$ 33900 元/人",
    "嬰兒": "洽詢",
    "小孩不佔床": "$ 33900 元/人",
    "小孩佔床": "$ 33900 元/人",
  },
  {
    "不包含項目": "《無特殊說明》",
    "不包含項目是否顯示": false,
    "加床": "$ 34900 元/人",
    "包含項目": "含機場稅燃油附加費",
    "包含項目是否顯示": true,
    "單人房差": "洽詢",
    "大人": "$ 34900 元/人",
    "嬰兒": "$ 5000 元/人",
    "小孩不佔床": "$ 30900 元/人",
    "小孩佔床": "$ 34900 元/人",
  },
  {
    "不包含項目": "《無特殊說明》",
    "不包含項目是否顯示": false,
    "加床": "$ 35900 元/人",
    "包含項目": "含機場稅燃油附加費",
    "包含項目是否顯示": true,
    "單人房差": "洽詢",
    "大人": "$ 35900 元/人",
    "嬰兒": "$ 5000 元/人",
    "小孩不佔床": "$ 31900 元/人",
    "小孩佔床": "$ 35900 元/人",
  },
  {
    "不包含項目": "《無特殊說明》",
    "不包含項目是否顯示": false,
    "加床": "$ 35900 元/人",
    "包含項目": "含機場稅燃油附加費",
    "包含項目是否顯示": true,
    "單人房差": "洽詢",
    "大人": "$ 35900 元/人",
    "嬰兒": "洽詢",
    "小孩不佔床": "$ 35900 元/人",
    "小孩佔床": "$ 35900 元/人",
  },
  {
    "不包含項目": "《無特殊說明》",
    "不包含項目是否顯示": false,
    "加床": "$ 36900 元/人",
    "包含項目": "含機場稅燃油附加費",
    "包含項目是否顯示": true,
    "單人房差": "洽詢",
    "大人": "$ 36900 元/人",
    "嬰兒": "洽詢",
    "小孩不佔床": "$ 36900 元/人",
    "小孩佔床": "$ 36900 元/人",
  },
  {
    "不包含項目": "《無特殊說明》",
    "不包含項目是否顯示": false,
    "加床": "$ 37500 元/人",
    "包含項目": "含機場稅燃油附加費",
    "包含項目是否顯示": true,
    "單人房差": "洽詢",
    "大人": "$ 37500 元/人",
    "嬰兒": "$ 5000 元/人",
    "小孩不佔床": "$ 33500 元/人",
    "小孩佔床": "$ 37500 元/人",
  },
  {
    "不包含項目": "《無特殊說明》",
    "不包含項目是否顯示": false,
    "加床": "$ 37900 元/人",
    "包含項目": "含機場稅燃油附加費",
    "包含項目是否顯示": true,
    "單人房差": "洽詢",
    "大人": "$ 37900 元/人",
    "嬰兒": "洽詢",
    "小孩不佔床": "$ 33900 元/人",
    "小孩佔床": "$ 37900 元/人",
  },
  {
    "不包含項目": "《無特殊說明》",
    "不包含項目是否顯示": false,
    "加床": "$ 37900 元/人",
    "包含項目": "含機場稅燃油附加費",
    "包含項目是否顯示": true,
    "單人房差": "洽詢",
    "大人": "$ 37900 元/人",
    "嬰兒": "$ 37900 元/人",
    "小孩不佔床": "$ 33900 元/人",
    "小孩佔床": "$ 37900 元/人",
  },
  {
    "不包含項目": "《無特殊說明》",
    "不包含項目是否顯示": false,
    "加床": "$ 37900 元/人",
    "包含項目": "含機場稅燃油附加費",
    "包含項目是否顯示": true,
    "單人房差": "洽詢",
    "大人": "$ 37900 元/人",
    "嬰兒": "洽詢",
    "小孩不佔床": "$ 37900 元/人",
    "小孩佔床": "$ 37900 元/人",
  },
  {
    "不包含項目": "《無特殊說明》",
    "不包含項目是否顯示": false,
    "加床": "$ 38500 元/人",
    "包含項目": "含機場稅燃油附加費",
    "包含項目是否顯示": true,
    "單人房差": "洽詢",
    "大人": "$ 38500 元/人",
    "嬰兒": "洽詢",
    "小孩不佔床": "$ 34500 元/人",
    "小孩佔床": "$ 38500 元/人",
  },
  {
    "不包含項目": "《無特殊說明》",
    "不包含項目是否顯示": false,
    "加床": "$ 38900 元/人",
    "包含項目": "含機場稅燃油附加費",
    "包含項目是否顯示": true,
    "單人房差": "洽詢",
    "大人": "$ 38900 元/人",
    "嬰兒": "$ 5000 元/人",
    "小孩不佔床": "$ 34900 元/人",
    "小孩佔床": "$ 38900 元/人",
  },
  {
    "不包含項目": "《無特殊說明》",
    "不包含項目是否顯示": false,
    "加床": "$ 39800 元/人",
    "包含項目": "含機場稅燃油附加費",
    "包含項目是否顯示": true,
    "單人房差": "洽詢",
    "大人": "$ 39800 元/人",
    "嬰兒": "洽詢",
    "小孩不佔床": "$ 39800 元/人",
    "小孩佔床": "$ 39800 元/人",
  },
  {
    "不包含項目": "《無特殊說明》",
    "不包含項目是否顯示": false,
    "加床": "$ 39900 元/人",
    "包含項目": "含機場稅燃油附加費",
    "包含項目是否顯示": true,
    "單人房差": "洽詢",
    "大人": "$ 39900 元/人",
    "嬰兒": "$ 5000 元/人",
    "小孩不佔床": "$ 35900 元/人",
    "小孩佔床": "$ 39900 元/人",
  },
  {
    "不包含項目": "《無特殊說明》",
    "不包含項目是否顯示": false,
    "加床": "$ 39900 元/人",
    "包含項目": "含機場稅燃油附加費",
    "包含項目是否顯示": true,
    "單人房差": "洽詢",
    "大人": "$ 39900 元/人",
    "嬰兒": "$ 9000 元/人",
    "小孩不佔床": "$ 37900 元/人",
    "小孩佔床": "$ 39900 元/人",
  },
  {
    "不包含項目": "《無特殊說明》",
    "不包含項目是否顯示": false,
    "加床": "$ 42800 元/人",
    "包含項目": "含機場稅燃油附加費",
    "包含項目是否顯示": true,
    "單人房差": "洽詢",
    "大人": "$ 42800 元/人",
    "嬰兒": "洽詢",
    "小孩不佔床": "$ 42800 元/人",
    "小孩佔床": "$ 42800 元/人",
  },
  {
    "不包含項目": "《無特殊說明》",
    "不包含項目是否顯示": false,
    "加床": "$ 42900 元/人",
    "包含項目": "含機場稅燃油附加費",
    "包含項目是否顯示": true,
    "單人房差": "洽詢",
    "大人": "$ 42900 元/人",
    "嬰兒": "洽詢",
    "小孩不佔床": "$ 42900 元/人",
    "小孩佔床": "$ 42900 元/人",
  },
  {
    "不包含項目": "《無特殊說明》",
    "不包含項目是否顯示": false,
    "加床": "$ 43900 元/人",
    "包含項目": "含機場稅燃油附加費",
    "包含項目是否顯示": true,
    "單人房差": "洽詢",
    "大人": "$ 43900 元/人",
    "嬰兒": "洽詢",
    "小孩不佔床": "$ 43900 元/人",
    "小孩佔床": "$ 43900 元/人",
  },
  {
    "不包含項目": "《無特殊說明》",
    "不包含項目是否顯示": false,
    "加床": "$ 44800 元/人",
    "包含項目": "含機場稅燃油附加費",
    "包含項目是否顯示": true,
    "單人房差": "洽詢",
    "大人": "$ 44800 元/人",
    "嬰兒": "洽詢",
    "小孩不佔床": "$ 44800 元/人",
    "小孩佔床": "$ 44800 元/人",
  },
  {
    "不包含項目": "《無特殊說明》",
    "不包含項目是否顯示": false,
    "加床": "$ 47900 元/人",
    "包含項目": "含機場稅燃油附加費",
    "包含項目是否顯示": true,
    "單人房差": "洽詢",
    "大人": "$ 47900 元/人",
    "嬰兒": "洽詢",
    "小孩不佔床": "$ 47900 元/人",
    "小孩佔床": "$ 47900 元/人",
  },
  {
    "不包含項目": "《無特殊說明》",
    "不包含項目是否顯示": false,
    "加床": "$ 49900 元/人",
    "包含項目": "含機場稅燃油附加費",
    "包含項目是否顯示": true,
    "單人房差": "洽詢",
    "大人": "$ 49900 元/人",
    "嬰兒": "$ 10000 元/人",
    "小孩不佔床": "$ 46900 元/人",
    "小孩佔床": "$ 49900 元/人",
  },
  {
    "不包含項目": "《無特殊說明》",
    "不包含項目是否顯示": false,
    "加床": "$ 49900 元/人",
    "包含項目": "含機場稅燃油附加費",
    "包含項目是否顯示": true,
    "單人房差": "洽詢",
    "大人": "$ 49900 元/人",
    "嬰兒": "$ 49900 元/人",
    "小孩不佔床": "$ 47900 元/人",
    "小孩佔床": "$ 49900 元/人",
  },
  {
    "不包含項目": "《無特殊說明》",
    "不包含項目是否顯示": false,
    "加床": "$ 49900 元/人",
    "包含項目": "含機場稅燃油附加費",
    "包含項目是否顯示": true,
    "單人房差": "洽詢",
    "大人": "$ 49900 元/人",
    "嬰兒": "$ 9000 元/人",
    "小孩不佔床": "$ 47900 元/人",
    "小孩佔床": "$ 49900 元/人",
  },
  {
    "不包含項目": "《無特殊說明》",
    "不包含項目是否顯示": false,
    "加床": "$ 8000 元/人",
    "包含項目": "含機場稅燃油附加費",
    "包含項目是否顯示": true,
    "單人房差": "洽詢",
    "大人": "$ 49900 元/人",
    "嬰兒": "$ 49900 元/人",
    "小孩不佔床": "$ 47900 元/人",
    "小孩佔床": "$ 49900 元/人",
  },
  {
    "不包含項目": "《無特殊說明》",
    "不包含項目是否顯示": false,
    "加床": "洽詢",
    "包含項目": "含機場稅燃油附加費",
    "包含項目是否顯示": true,
    "單人房差": "洽詢",
    "大人": "$ 57900 元/人",
    "嬰兒": "洽詢",
    "小孩不佔床": "洽詢",
    "小孩佔床": "$ 57900 元/人",
  },
  {
    "不包含項目": "《無特殊說明》",
    "不包含項目是否顯示": false,
    "加床": "$ 58900 元/人",
    "包含項目": "含機場稅燃油附加費",
    "包含項目是否顯示": true,
    "單人房差": "洽詢",
    "大人": "$ 58900 元/人",
    "嬰兒": "洽詢",
    "小孩不佔床": "$ 58900 元/人",
    "小孩佔床": "$ 58900 元/人",
  },
  {
    "不包含項目": "《無特殊說明》",
    "不包含項目是否顯示": false,
    "加床": "$ 59900 元/人",
    "包含項目": "含機場稅燃油附加費",
    "包含項目是否顯示": true,
    "單人房差": "洽詢",
    "大人": "$ 59900 元/人",
    "嬰兒": "$ 7000 元/人",
    "小孩不佔床": "$ 54900 元/人",
    "小孩佔床": "$ 59900 元/人",
  },
  {
    "不包含項目": "《無特殊說明》",
    "不包含項目是否顯示": false,
    "加床": "$ 59900 元/人",
    "包含項目": "含機場稅燃油附加費",
    "包含項目是否顯示": true,
    "單人房差": "洽詢",
    "大人": "$ 59900 元/人",
    "嬰兒": "$ 10000 元/人",
    "小孩不佔床": "$ 56900 元/人",
    "小孩佔床": "$ 59900 元/人",
  },
  {
    "不包含項目": "《無特殊說明》",
    "不包含項目是否顯示": false,
    "加床": "洽詢",
    "包含項目": "含機場稅燃油附加費",
    "包含項目是否顯示": true,
    "單人房差": "洽詢",
    "大人": "$ 60900 元/人",
    "嬰兒": "洽詢",
    "小孩不佔床": "洽詢",
    "小孩佔床": "$ 60900 元/人",
  },
  {
    "不包含項目": "《無特殊說明》",
    "不包含項目是否顯示": false,
    "加床": "$ 69900 元/人",
    "包含項目": "含機場稅燃油附加費",
    "包含項目是否顯示": true,
    "單人房差": "洽詢",
    "大人": "$ 69900 元/人",
    "嬰兒": "洽詢",
    "小孩不佔床": "$ 69900 元/人",
    "小孩佔床": "$ 69900 元/人",
  },
  {
    "不包含項目": "《無特殊說明》",
    "不包含項目是否顯示": false,
    "加床": "$ 72900 元/人",
    "包含項目": "含機場稅燃油附加費",
    "包含項目是否顯示": true,
    "單人房差": "洽詢",
    "大人": "$ 72900 元/人",
    "嬰兒": "洽詢",
    "小孩不佔床": "$ 72900 元/人",
    "小孩佔床": "$ 72900 元/人",
  },
  {
    "不包含項目": "《無特殊說明》",
    "不包含項目是否顯示": false,
    "加床": "$ 7900 元/人",
    "包含項目": "含機場稅燃油附加費",
    "包含項目是否顯示": true,
    "單人房差": "洽詢",
    "大人": "$ 7900 元/人",
    "嬰兒": "洽詢",
    "小孩不佔床": "$ 7900 元/人",
    "小孩佔床": "$ 7900 元/人",
  },
  {
    "不包含項目": "《無特殊說明》",
    "不包含項目是否顯示": false,
    "加床": "$ 82000 元/人",
    "包含項目": "含機場稅燃油附加費",
    "包含項目是否顯示": true,
    "單人房差": "洽詢",
    "大人": "$ 82000 元/人",
    "嬰兒": "$ 9000 元/人",
    "小孩不佔床": "$ 79000 元/人",
    "小孩佔床": "$ 82000 元/人",
  },
  {
    "不包含項目": "《無特殊說明》",
    "不包含項目是否顯示": false,
    "加床": "$ 89900 元/人",
    "包含項目": "含機場稅燃油附加費",
    "包含項目是否顯示": true,
    "單人房差": "洽詢",
    "大人": "$ 89900 元/人",
    "嬰兒": "$ 25000 元/人",
    "小孩不佔床": "$ 86900 元/人",
    "小孩佔床": "$ 89900 元/人",
  },
  {
    "不包含項目": "《無特殊說明》",
    "不包含項目是否顯示": false,
    "加床": "洽詢",
    "包含項目": "含機場稅燃油附加費",
    "包含項目是否顯示": true,
    "單人房差": "洽詢",
    "大人": "$ 9888 元/人",
    "嬰兒": "洽詢",
    "小孩不佔床": "$ 6988 元/人",
    "小孩佔床": "$ 9888 元/人",
  },
  {
    "不包含項目": "《無特殊說明》",
    "不包含項目是否顯示": false,
    "加床": "$ 99000 元/人",
    "包含項目": "含機場稅燃油附加費",
    "包含項目是否顯示": true,
    "單人房差": "洽詢",
    "大人": "$ 99000 元/人",
    "嬰兒": "$ 10000 元/人",
    "小孩不佔床": "$ 96000 元/人",
    "小孩佔床": "$ 99000 元/人",
  },
  {
    "不包含項目": "《無特殊說明》",
    "不包含項目是否顯示": false,
    "加床": "$ 8000 元/人",
    "包含項目": "含機場稅燃油附加費",
    "包含項目是否顯示": true,
    "單人房差": "洽詢",
    "大人": "$ 99000 元/人",
    "嬰兒": "$ 99000 元/人",
    "小孩不佔床": "$ 99000 元/人",
    "小孩佔床": "$ 99000 元/人",
  },
  {
    "不包含項目": "《無特殊說明》",
    "不包含項目是否顯示": false,
    "加床": "800元起",
    "包含項目": "含機場稅燃油附加費",
    "包含項目是否顯示": true,
    "單人房差": "洽詢",
    "大人": "12,988元起",
    "嬰兒": "12,988元起",
    "小孩不佔床": "10,588元起",
    "小孩佔床": "12,988元起",
  },
  {
    "不包含項目": "《無特殊說明》",
    "不包含項目是否顯示": false,
    "加床": "25,900元起",
    "包含項目": "含機場稅燃油附加費",
    "包含項目是否顯示": true,
    "單人房差": "洽詢",
    "大人": "25,900元起",
    "嬰兒": "5,000元起",
    "小孩不佔床": "23,900元起",
    "小孩佔床": "25,900元起",
  },
  {
    "不包含項目": "《無特殊說明》",
    "不包含項目是否顯示": false,
    "加床": "26,900元起",
    "包含項目": "含機場稅燃油附加費",
    "包含項目是否顯示": true,
    "單人房差": "洽詢",
    "大人": "26,900元起",
    "嬰兒": "5,000元起",
    "小孩不佔床": "24,900元起",
    "小孩佔床": "26,900元起",
  },
  {
    "不包含項目": "《無特殊說明》",
    "不包含項目是否顯示": false,
    "加床": "洽詢",
    "包含項目": "含機場稅燃油附加費",
    "包含項目是否顯示": true,
    "單人房差": "洽詢",
    "大人": "29,900元起",
    "嬰兒": "10,000元起",
    "小孩不佔床": "27,900元起",
    "小孩佔床": "29,900元起",
  },
  {
    "不包含項目": "《無特殊說明》",
    "不包含項目是否顯示": false,
    "加床": "31,500元起",
    "包含項目": "含機場稅燃油附加費",
    "包含項目是否顯示": true,
    "單人房差": "洽詢",
    "大人": "31,500元起",
    "嬰兒": "5,000元起",
    "小孩不佔床": "27,500元起",
    "小孩佔床": "31,500元起",
  },
  {
    "不包含項目": "《無特殊說明》",
    "不包含項目是否顯示": false,
    "加床": "41,800元起",
    "包含項目": "含機場稅燃油附加費",
    "包含項目是否顯示": true,
    "單人房差": "洽詢",
    "大人": "41,800元起",
    "嬰兒": "5,000元起",
    "小孩不佔床": "39,800元起",
    "小孩佔床": "41,800元起",
  },
  {
    "不包含項目": "《無特殊說明》",
    "不包含項目是否顯示": false,
    "加床": "69,900元起",
    "包含項目": "含機場稅燃油附加費",
    "包含項目是否顯示": true,
    "單人房差": "洽詢",
    "大人": "69,900元起",
    "嬰兒": "69,900元起",
    "小孩不佔床": "66,900元起",
    "小孩佔床": "69,900元起",
  },
  {
    "不包含項目": "《無特殊說明》",
    "不包含項目是否顯示": false,
    "加床": "洽詢",
    "包含項目": "含機場稅燃油附加費",
    "包含項目是否顯示": true,
    "單人房差": "洽詢",
    "大人": "洽詢",
    "嬰兒": "洽詢",
    "小孩不佔床": "洽詢",
    "小孩佔床": "洽詢",
  },
  {
    "不包含項目": "《無特殊說明》",
    "不包含項目是否顯示": false,
    "加床": "洽詢",
    "包含項目": "含機場稅燃油附加費",
    "包含項目是否顯示": true,
    "單人房差": "洽詢",
    "大人": "159,000起",
    "嬰兒": "洽詢",
    "小孩不佔床": "洽詢",
    "小孩佔床": "洽詢",
  },
]
`;
